// Jest Snapshot v1, https://goo.gl/fbAQLP

exports[`should render Header say "Expensify!" and render correctly 1`] = `
<header>
  <h1>
    Expensify!
  </h1>
  <a
    aria-current="page"
    className="is-active"
    href="/"
    onClick={[Function]}
  >
    Go Home!
  </a>
  <br />
  <a
    className="inactive"
    href="/create"
    onClick={[Function]}
  >
    Go Create!
  </a>
  <br />
  <a
    className="inactive"
    href="/help"
    onClick={[Function]}
  >
    Help...
  </a>
</header>
`;
